[2026-09-10T09:38:47.740+0000] {manager.py:483} INFO - Processing files using up to 2 processes at a time 
[2026-09-10T09:38:47.741+0000] {manager.py:484} INFO - Process each file at most once every 30 seconds
[2026-09-10T09:38:47.743+0000] {manager.py:485} INFO - Checking for new files in /opt/airflow/dags every 300 seconds
[2026-09-10T09:38:47.744+0000] {manager.py:821} INFO - Searching for files in /opt/airflow/dags
[2026-09-10T09:38:47.753+0000] {manager.py:824} INFO - There are 0 files in /opt/airflow/dags
[2026-09-10T14:14:28.974+0000] {manager.py:483} INFO - Processing files using up to 2 processes at a time 
[2026-09-10T14:14:28.976+0000] {manager.py:484} INFO - Process each file at most once every 30 seconds
[2026-09-10T14:14:28.977+0000] {manager.py:485} INFO - Checking for new files in /opt/airflow/dags every 300 seconds
[2026-09-10T14:14:28.979+0000] {manager.py:821} INFO - Searching for files in /opt/airflow/dags
[2026-09-10T14:14:29.014+0000] {manager.py:824} INFO - There are 0 files in /opt/airflow/dags
[2026-09-10T14:14:42.139+0000] {manager.py:465} INFO - Exiting gracefully upon receiving signal 15
[2026-10-03T15:44:35.155+0000] {manager.py:483} INFO - Processing files using up to 2 processes at a time 
[2026-10-03T15:44:35.156+0000] {manager.py:484} INFO - Process each file at most once every 30 seconds
[2026-10-03T15:44:35.157+0000] {manager.py:485} INFO - Checking for new files in /opt/airflow/dags every 300 seconds
[2026-10-03T15:44:35.158+0000] {manager.py:821} INFO - Searching for files in /opt/airflow/dags
[2026-10-03T15:44:35.162+0000] {manager.py:824} INFO - There are 0 files in /opt/airflow/dags
[2026-10-03T15:48:44.098+0000] {manager.py:465} INFO - Exiting gracefully upon receiving signal 15
[2026-10-04T16:01:45.969+0000] {manager.py:483} INFO - Processing files using up to 2 processes at a time 
[2026-10-04T16:01:45.972+0000] {manager.py:484} INFO - Process each file at most once every 30 seconds
[2026-10-04T16:01:45.973+0000] {manager.py:485} INFO - Checking for new files in /opt/airflow/dags every 300 seconds
[2026-10-04T16:01:45.974+0000] {manager.py:821} INFO - Searching for files in /opt/airflow/dags
[2026-10-04T16:01:45.979+0000] {manager.py:824} INFO - There are 0 files in /opt/airflow/dags
[2026-10-04T16:03:12.014+0000] {manager.py:483} INFO - Processing files using up to 2 processes at a time 
[2026-10-04T16:03:12.016+0000] {manager.py:484} INFO - Process each file at most once every 30 seconds
[2026-10-04T16:03:12.017+0000] {manager.py:485} INFO - Checking for new files in /opt/airflow/dags every 300 seconds
[2026-10-04T16:03:12.019+0000] {manager.py:821} INFO - Searching for files in /opt/airflow/dags
[2026-10-04T16:03:12.028+0000] {manager.py:824} INFO - There are 0 files in /opt/airflow/dags
[2026-10-04T16:04:17.024+0000] {manager.py:483} INFO - Processing files using up to 2 processes at a time 
[2026-10-04T16:04:17.025+0000] {manager.py:484} INFO - Process each file at most once every 30 seconds
[2026-10-04T16:04:17.026+0000] {manager.py:485} INFO - Checking for new files in /opt/airflow/dags every 300 seconds
[2026-10-04T16:04:17.027+0000] {manager.py:821} INFO - Searching for files in /opt/airflow/dags
[2026-10-04T16:04:17.032+0000] {manager.py:824} INFO - There are 0 files in /opt/airflow/dags
[2026-10-05T14:08:12.517+0000] {manager.py:483} INFO - Processing files using up to 2 processes at a time 
[2026-10-05T14:08:12.519+0000] {manager.py:484} INFO - Process each file at most once every 30 seconds
[2026-10-05T14:08:12.520+0000] {manager.py:485} INFO - Checking for new files in /opt/airflow/dags every 300 seconds
[2026-10-05T14:08:12.521+0000] {manager.py:821} INFO - Searching for files in /opt/airflow/dags
[2026-10-05T14:08:12.537+0000] {manager.py:824} INFO - There are 0 files in /opt/airflow/dags
[2026-10-05T14:18:19.503+0000] {manager.py:483} INFO - Processing files using up to 2 processes at a time 
[2026-10-05T14:18:19.507+0000] {manager.py:484} INFO - Process each file at most once every 30 seconds
[2026-10-05T14:18:19.508+0000] {manager.py:485} INFO - Checking for new files in /opt/airflow/dags every 300 seconds
[2026-10-05T14:18:19.509+0000] {manager.py:821} INFO - Searching for files in /opt/airflow/dags
[2026-10-05T14:18:19.514+0000] {manager.py:824} INFO - There are 0 files in /opt/airflow/dags
[2026-10-05T14:18:54.018+0000] {manager.py:483} INFO - Processing files using up to 2 processes at a time 
[2026-10-05T14:18:54.024+0000] {manager.py:484} INFO - Process each file at most once every 30 seconds
[2026-10-05T14:18:54.026+0000] {manager.py:485} INFO - Checking for new files in /opt/airflow/dags every 300 seconds
[2026-10-05T14:18:54.027+0000] {manager.py:821} INFO - Searching for files in /opt/airflow/dags
[2026-10-05T14:18:54.031+0000] {manager.py:824} INFO - There are 0 files in /opt/airflow/dags
[2026-10-05T14:21:32.582+0000] {manager.py:483} INFO - Processing files using up to 2 processes at a time 
[2026-10-05T14:21:32.609+0000] {manager.py:484} INFO - Process each file at most once every 30 seconds
[2026-10-05T14:21:32.612+0000] {manager.py:485} INFO - Checking for new files in /opt/airflow/dags every 300 seconds
[2026-10-05T14:21:32.614+0000] {manager.py:821} INFO - Searching for files in /opt/airflow/dags
[2026-10-05T14:21:32.630+0000] {manager.py:824} INFO - There are 0 files in /opt/airflow/dags
[2026-10-05T14:22:16.044+0000] {manager.py:483} INFO - Processing files using up to 2 processes at a time 
[2026-10-05T14:22:16.046+0000] {manager.py:484} INFO - Process each file at most once every 30 seconds
[2026-10-05T14:22:16.048+0000] {manager.py:485} INFO - Checking for new files in /opt/airflow/dags every 300 seconds
[2026-10-05T14:22:16.050+0000] {manager.py:821} INFO - Searching for files in /opt/airflow/dags
[2026-10-05T14:22:16.061+0000] {manager.py:824} INFO - There are 0 files in /opt/airflow/dags
[2026-10-05T14:22:58.719+0000] {manager.py:483} INFO - Processing files using up to 2 processes at a time 
[2026-10-05T14:22:58.724+0000] {manager.py:484} INFO - Process each file at most once every 30 seconds
[2026-10-05T14:22:58.725+0000] {manager.py:485} INFO - Checking for new files in /opt/airflow/dags every 300 seconds
[2026-10-05T14:22:58.726+0000] {manager.py:821} INFO - Searching for files in /opt/airflow/dags
[2026-10-05T14:22:58.740+0000] {manager.py:824} INFO - There are 0 files in /opt/airflow/dags
